LTspice 26.0.2 for Windows
Circuit: C:\Users\atorralba\Documents\GitHub\LTspice\sky130A\DC_Sweep_lvt.net
Start Time: Fri Sep 11 13:17:08 2026
Options:logopinfo
solver = Normal
Maximum thread count: 8
tnom = 27
temp = 27
method = trap
Total elapsed time: 0.500 seconds.

Files loaded:
C:\Users\atorralba\Documents\GitHub\LTspice\sky130A\DC_Sweep_lvt.net
C:\Users\atorralba\Documents\GitHub\LTspice\sky130A\sky130A_ltspice.lib
C:\Users\atorralba\Documents\GitHub\LTspice\sky130A\sky130A_ltspice\sky130_fd_pr__nfet_01v8__tt.corner.spice
C:\Users\atorralba\Documents\GitHub\LTspice\sky130A\sky130A_ltspice\sky130_fd_pr__nfet_01v8__mismatch.corner.spice
C:\Users\atorralba\Documents\GitHub\LTspice\sky130A\sky130A_ltspice\sky130_fd_pr__nfet_01v8__tt.pm3.spice
C:\Users\atorralba\Documents\GitHub\LTspice\sky130A\sky130A_ltspice\sky130_fd_pr__pfet_01v8__tt.corner.spice
C:\Users\atorralba\Documents\GitHub\LTspice\sky130A\sky130A_ltspice\sky130_fd_pr__pfet_01v8__mismatch.corner.spice
C:\Users\atorralba\Documents\GitHub\LTspice\sky130A\sky130A_ltspice\sky130_fd_pr__pfet_01v8__tt.pm3.spice
C:\Users\atorralba\Documents\GitHub\LTspice\sky130A\sky130A_ltspice\sky130_fd_pr__nfet_01v8_lvt__tt.corner.spice
C:\Users\atorralba\Documents\GitHub\LTspice\sky130A\sky130A_ltspice\sky130_fd_pr__nfet_01v8_lvt__mismatch.corner.spice
C:\Users\atorralba\Documents\GitHub\LTspice\sky130A\sky130A_ltspice\sky130_fd_pr__nfet_01v8_lvt__tt.pm3.spice
C:\Users\atorralba\Documents\GitHub\LTspice\sky130A\sky130A_ltspice\sky130_fd_pr__pfet_01v8_lvt__tt.corner.spice
C:\Users\atorralba\Documents\GitHub\LTspice\sky130A\sky130A_ltspice\sky130_fd_pr__pfet_01v8_lvt__mismatch.corner.spice
C:\Users\atorralba\Documents\GitHub\LTspice\sky130A\sky130A_ltspice\sky130_fd_pr__pfet_01v8_lvt__tt.pm3.spice
C:\Users\atorralba\Documents\GitHub\LTspice\sky130A\sky130A_ltspice\sky130_fd_pr__nfet_g5v0d10v5__tt.corner.spice
C:\Users\atorralba\Documents\GitHub\LTspice\sky130A\sky130A_ltspice\sky130_fd_pr__nfet_g5v0d10v5__mismatch.corner.spice
C:\Users\atorralba\Documents\GitHub\LTspice\sky130A\sky130A_ltspice\sky130_fd_pr__nfet_g5v0d10v5__tt.pm3.spice
C:\Users\atorralba\Documents\GitHub\LTspice\sky130A\sky130A_ltspice\sky130_fd_pr__pfet_g5v0d10v5__tt.corner.spice
C:\Users\atorralba\Documents\GitHub\LTspice\sky130A\sky130A_ltspice\sky130_fd_pr__pfet_g5v0d10v5__mismatch.corner.spice
C:\Users\atorralba\Documents\GitHub\LTspice\sky130A\sky130A_ltspice\sky130_fd_pr__pfet_g5v0d10v5__tt.pm3.spice
C:\Users\atorralba\Documents\GitHub\LTspice\sky130A\sky130A_ltspice\lod.spice

