LTspice 26.0.2 for Windows
Circuit: C:\Users\atorralba\Documents\GitHub\LTspice\gf180mcuD\DC_Sweep_03V3_MC.net
Start Time: Tue Aug 11 11:45:34 2026
Options:logopinfo
solver = Normal
Maximum thread count: 8
tnom = 27
temp = 60
method = trap
Warning: Rdsw = -18.8941 was negative. Setting to zero.
.step x=0
.step x=1
.step x=2
.step x=3
.step x=4
.step x=5
.step x=6
.step x=7
.step x=8
.step x=9
.step x=10
.step x=11
.step x=12
.step x=13
.step x=14
.step x=15
.step x=16
.step x=17
.step x=18
.step x=19
.step x=20
.step x=21
.step x=22
.step x=23
.step x=24
.step x=25
.step x=26
.step x=27
.step x=28
.step x=29
.step x=30
.step x=31
.step x=32
.step x=33
.step x=34
.step x=35
.step x=36
.step x=37
.step x=38
.step x=39
.step x=40
.step x=41
.step x=42
.step x=43
.step x=44
.step x=45
.step x=46
.step x=47
.step x=48
.step x=49
.step x=50
.step x=51
.step x=52
.step x=53
.step x=54
.step x=55
.step x=56
.step x=57
.step x=58
.step x=59
.step x=60
.step x=61
.step x=62
.step x=63
.step x=64
.step x=65
.step x=66
.step x=67
.step x=68
.step x=69
.step x=70
.step x=71
.step x=72
.step x=73
.step x=74
.step x=75
.step x=76
.step x=77
.step x=78
.step x=79
.step x=80
.step x=81
.step x=82
.step x=83
.step x=84
.step x=85
.step x=86
.step x=87
.step x=88
.step x=89
.step x=90
.step x=91
.step x=92
.step x=93
.step x=94
.step x=95
.step x=96
.step x=97
.step x=98
.step x=99
.step x=100
Total elapsed time: 15.779 seconds.

Files loaded:
C:\Users\atorralba\Documents\GitHub\LTspice\gf180mcuD\DC_Sweep_03V3_MC.net
C:\Users\atorralba\Documents\GitHub\LTspice\gf180mcuD\sm141064.ngspice
C:\Users\atorralba\Documents\GitHub\LTspice\gf180mcuD\gf180mcuD_ltspice.lib


Measurement: id
  step	Ix(U2:D) 	at
     1	0.000345501961419	1.65
     2	0.000250997283729	1.65
     3	0.000360172154615	1.65
     4	0.000198675537831	1.65
     5	0.000331643124809	1.65
     6	0.000306394125801	1.65
     7	0.000254957034485	1.65
     8	0.000312837131787	1.65
     9	0.000322775711538	1.65
    10	0.000266885297606	1.65
    11	0.000344073196175	1.65
    12	0.000299871026073	1.65
    13	0.000228627191973	1.65
    14	0.000296763493679	1.65
    15	0.00032905844273	1.65
    16	0.00024403493444	1.65
    17	0.000298732775263	1.65
    18	0.000302630767692	1.65
    19	0.000217457447434	1.65
    20	0.000226773190661	1.65
    21	0.00029978324892	1.65
    22	0.000368090579286	1.65
    23	0.000288365437882	1.65
    24	0.000223202645429	1.65
    25	0.000277218350675	1.65
    26	0.000294507946819	1.65
    27	0.0001883393561	1.65
    28	0.000286523922114	1.65
    29	0.00031237769872	1.65
    30	0.000306591799017	1.65
    31	0.000239875880652	1.65
    32	0.000330096518155	1.65
    33	0.000305157416733	1.65
    34	0.000259106134763	1.65
    35	0.000316890276736	1.65
    36	0.000272066186881	1.65
    37	0.000252513185842	1.65
    38	0.000288175593596	1.65
    39	0.00037019510637	1.65
    40	0.000311283307383	1.65
    41	0.000318556994898	1.65
    42	0.000268943986157	1.65
    43	0.000240831126575	1.65
    44	0.000278066378087	1.65
    45	0.000261260283878	1.65
    46	0.000278998690192	1.65
    47	0.000370758178178	1.65
    48	0.00028375320835	1.65
    49	0.000428759172792	1.65
    50	0.000257485313341	1.65
    51	0.000258143874817	1.65
    52	0.000243866918026	1.65
    53	0.000262939662207	1.65
    54	0.000392395391827	1.65
    55	0.000246300594881	1.65
    56	0.000272173812846	1.65
    57	0.00029012808227	1.65
    58	0.000272422737908	1.65
    59	0.000316902878694	1.65
    60	0.00025978294434	1.65
    61	0.000339237856679	1.65
    62	0.000241638510488	1.65
    63	0.000309277704218	1.65
    64	0.000242806680035	1.65
    65	0.000273967481917	1.65
    66	0.000330632872647	1.65
    67	0.00026736248401	1.65
    68	0.000286670750938	1.65
    69	0.000293021963444	1.65
    70	0.000328425434418	1.65
    71	0.000344145664712	1.65
    72	0.000276596605545	1.65
    73	0.000326500303345	1.65
    74	0.000281003798591	1.65
    75	0.000357735290891	1.65
    76	0.000269425945589	1.65
    77	0.00026991678169	1.65
    78	0.000476128829177	1.65
    79	0.000299211562378	1.65
    80	0.000240061359364	1.65
    81	0.000295157486107	1.65
    82	0.000290183961624	1.65
    83	0.000177019785042	1.65
    84	0.000213668710785	1.65
    85	0.000225170166232	1.65
    86	0.000262694142293	1.65
    87	0.000255080434727	1.65
    88	0.000240000459598	1.65
    89	0.000291648029815	1.65
    90	0.00034987682011	1.65
    91	0.000252062396612	1.65
    92	0.000377241260139	1.65
    93	0.000280098960502	1.65
    94	0.000273696612567	1.65
    95	0.000314627686748	1.65
    96	0.000253506790614	1.65
    97	0.000225056908675	1.65
    98	0.000307724199956	1.65
    99	0.000248987344094	1.65
   100	0.00032441917574	1.65
   101	0.000223725684918	1.65
