LTspice 26.0.2 for Windows
Circuit: C:\Users\atorralba\Documents\GitHub\LTspice\gf180mcuD\DC_Sweep_03V3_PVT.net
Start Time: Tue Aug 11 11:44:23 2026
Options:logopinfo
solver = Normal
Maximum thread count: 8
tnom = 27
temp = -40
method = trap
.step temp=-40° vdd=3
.step temp=60° vdd=3
.step temp=125° vdd=3
.step temp=-40° vdd=3.3
.step temp=60° vdd=3.3
.step temp=125° vdd=3.3
.step temp=-40° vdd=3.6
.step temp=60° vdd=3.6
.step temp=125° vdd=3.6
Total elapsed time: 2.515 seconds.

Files loaded:
C:\Users\atorralba\Documents\GitHub\LTspice\gf180mcuD\DC_Sweep_03V3_PVT.net
C:\Users\atorralba\Documents\GitHub\LTspice\gf180mcuD\design.ngspice
C:\Users\atorralba\Documents\GitHub\LTspice\gf180mcuD\sm141064.ngspice
C:\Users\atorralba\Documents\GitHub\LTspice\gf180mcuD\gf180mcuD_ltspice.lib


Measurement: id
  step	Ix(U2:D) 	at
     1	0.000262708927039	1.5
     2	0.000230262128753	1.5
     3	0.000214365165448	1.5
     4	0.00033197060111	1.65
     5	0.000287209200906	1.65
     6	0.000264780392172	1.65
     7	0.000402907462558	1.8
     8	0.000346150365658	1.8
     9	0.000317174504744	1.8
